
 RUN  v4.0.18 /home/amar/Documents/Hackathon/careops-app

stderr | tests/unit/multimodal.test.ts > Multimodal Inventory Scanner > should extract inventory items from an image correctly
[vitest] The vi.fn() mock did not use 'function' or 'class' in its implementation, see https://vitest.dev/api/vi#vi-spyon for examples.
Multimodal Inventory Scan Error: TypeError: () => ({
    models: {
      generateContent: mockGenerateContent
    }
  }) is not a constructor
    at new Mock [90m(file:///home/amar/Documents/Hackathon/careops-app/[39mnode_modules/[4m@vitest/spy[24m/dist/index.js:262:27[90m)[39m
    at getClient [90m(/home/amar/Documents/Hackathon/careops-app/[39msrc/lib/gemini.ts:14:22[90m)[39m
    at Module.extractInventoryItemsFromImage [90m(/home/amar/Documents/Hackathon/careops-app/[39msrc/lib/gemini.ts:816:20[90m)[39m
    at [90m/home/amar/Documents/Hackathon/careops-app/[39mtests/unit/multimodal.test.ts:47:30
    at [90mfile:///home/amar/Documents/Hackathon/careops-app/[39mnode_modules/[4m@vitest/runner[24m/dist/index.js:145:11
    at [90mfile:///home/amar/Documents/Hackathon/careops-app/[39mnode_modules/[4m@vitest/runner[24m/dist/index.js:915:26
    at [90mfile:///home/amar/Documents/Hackathon/careops-app/[39mnode_modules/[4m@vitest/runner[24m/dist/index.js:1243:20
    at new Promise (<anonymous>)
    at runWithTimeout [90m(file:///home/amar/Documents/Hackathon/careops-app/[39mnode_modules/[4m@vitest/runner[24m/dist/index.js:1209:10[90m)[39m
    at [90mfile:///home/amar/Documents/Hackathon/careops-app/[39mnode_modules/[4m@vitest/runner[24m/dist/index.js:1653:37

stderr | tests/unit/multimodal.test.ts > Multimodal Inventory Scanner > should handle API errors gracefully
[vitest] The vi.fn() mock did not use 'function' or 'class' in its implementation, see https://vitest.dev/api/vi#vi-spyon for examples.
Multimodal Inventory Scan Error: TypeError: () => ({
    models: {
      generateContent: mockGenerateContent
    }
  }) is not a constructor
    at new Mock [90m(file:///home/amar/Documents/Hackathon/careops-app/[39mnode_modules/[4m@vitest/spy[24m/dist/index.js:262:27[90m)[39m
    at getClient [90m(/home/amar/Documents/Hackathon/careops-app/[39msrc/lib/gemini.ts:14:22[90m)[39m
    at Module.extractInventoryItemsFromImage [90m(/home/amar/Documents/Hackathon/careops-app/[39msrc/lib/gemini.ts:816:20[90m)[39m
    at [90m/home/amar/Documents/Hackathon/careops-app/[39mtests/unit/multimodal.test.ts:58:30
    at [90mfile:///home/amar/Documents/Hackathon/careops-app/[39mnode_modules/[4m@vitest/runner[24m/dist/index.js:145:11
    at [90mfile:///home/amar/Documents/Hackathon/careops-app/[39mnode_modules/[4m@vitest/runner[24m/dist/index.js:915:26
    at [90mfile:///home/amar/Documents/Hackathon/careops-app/[39mnode_modules/[4m@vitest/runner[24m/dist/index.js:1243:20
    at new Promise (<anonymous>)
    at runWithTimeout [90m(file:///home/amar/Documents/Hackathon/careops-app/[39mnode_modules/[4m@vitest/runner[24m/dist/index.js:1209:10[90m)[39m
    at [90mfile:///home/amar/Documents/Hackathon/careops-app/[39mnode_modules/[4m@vitest/runner[24m/dist/index.js:1653:37

 ❯ tests/unit/multimodal.test.ts (2 tests | 1 failed) 44ms
     × should extract inventory items from an image correctly 32ms
     ✓ should handle API errors gracefully 3ms

⎯⎯⎯⎯⎯⎯⎯ Failed Tests 1 ⎯⎯⎯⎯⎯⎯⎯

 FAIL  tests/unit/multimodal.test.ts > Multimodal Inventory Scanner > should extract inventory items from an image correctly
AssertionError: expected "vi.fn()" to be called 1 times, but got 0 times
 ❯ tests/unit/multimodal.test.ts:49:37
     47|         const result = await extractInventoryItemsFromImage(imageBase6…
     48| 
     49|         expect(mockGenerateContent).toHaveBeenCalledTimes(1);
       |                                     ^
     50| 
     51|         // Verify result matches mock data

⎯⎯⎯⎯⎯⎯⎯⎯⎯⎯⎯⎯⎯⎯⎯⎯⎯⎯⎯⎯⎯⎯⎯⎯[1/1]⎯


 Test Files  1 failed (1)
      Tests  1 failed | 1 passed (2)
   Start at  00:45:11
   Duration  2.78s (transform 237ms, setup 230ms, import 213ms, tests 44ms, environment 1.86s)

